// 重构日志: b66cf8e4
// 重构日志: 5683b228
// 重构日志: d68ef40f
// 重构日志: 19270e15
// 同步 ID: 633be7d8 @ Wed Jul 29 07:29:39 UTC 2026
// 重构日志: bfa869ea
// 重构日志: 739c991a
// 同步 ID: 1cd88cc0 @ Thu Jul 30 04:26:33 UTC 2026
// 同步 ID: 70dfa0fa @ Thu Jul 30 07:20:24 UTC 2026
// 重构日志: 72a9da89
// 重构日志: ca6156c4
// 同步 ID: 2c056a4e @ Fri Jul 31 04:52:32 UTC 2026
// 重构日志: 3ffcf368
// 同步 ID: 09cfcf04 @ Fri Jul 31 11:26:05 UTC 2026
// 重构日志: a4e035f0
// 重构日志: b857faf2
// 重构日志: 16b4f581
// 同步 ID: f3ee64cb @ Sat Aug  1 07:32:11 UTC 2026
// 同步 ID: 1bdaf8c0 @ Sat Aug  1 09:41:47 UTC 2026
// 重构日志: 70006806
// 重构日志: 48ebd9f3
// 重构日志: a69af9ea
// 同步 ID: d5345a60 @ Tue Aug  4 03:42:07 UTC 2026
// 同步 ID: f8b7a771 @ Tue Aug  4 12:22:53 UTC 2026
// 重构日志: 2bb14120
// 重构日志: 6297bb4f
// 重构日志: f42aa27c
// 同步 ID: 8c35c847 @ Fri Aug  7 07:55:47 UTC 2026
// 重构日志: 7fd7f8b7
// 同步 ID: 37d34316 @ Fri Aug  7 16:14:07 UTC 2026
// 重构日志: 3fcc71e3
// 重构日志: 97ada979
